******************************************************************************
            TI ARM Clang Linker PC v4.0.2                      
******************************************************************************
>> Linked Wed Jun  4 14:43:23 2025

OUTPUT FILE NAME:   <surface_classification_demo_xwrL64xx-MATERIAL-DIFF.out>
ENTRY POINT SYMBOL: "_c_int00"  address: 0046ee23


MEMORY CONFIGURATION

         name            origin    length      used     unused   attr    fill
----------------------  --------  ---------  --------  --------  ----  --------
  M4F_VECS              00400000   00000200  00000140  000000c0  R  X
  M4F_RAM12             00400200   00057e00  00057dfc  00000004  RW X
  M4F_RBL               00458000   00008000  00005000  00003000     X
  M4F_RAM3              00460000   00020000  00016795  0000986b  RW X
  M4F_RAM0_S            00480000   00020000  0000b35a  00014ca6  R   
  HWASS_SHM_MEM         60000000   00080000  00068000  00018000  RWIX


SEGMENT ALLOCATION MAP

run origin  load origin   length   init length attrs members
----------  ----------- ---------- ----------- ----- -------
00400000    00400000    00000140   00000140    rw-
  00400000    00400000    00000140   00000140    rw- .vectors
00400200    00400200    0002ca00   00000000    rw-
  00400200    00400200    0002ca00   00000000    rw- .bss
0042cc00    0042cc00    0002b3fc   0002b3fc    r-x
  0042cc00    0042cc00    0002b3fc   0002b3fc    r-x .text.1
00458000    00458000    00005000   00000000    rw-
  00458000    00458000    00003000   00000000    rw- .sysmem
  0045b000    0045b000    00002000   00000000    rw- .stack
00460000    00460000    00012d7c   00012d7c    r-x
  00460000    00460000    00012d7c   00012d7c    r-x .text.2
00472d80    00472d80    00003a19   00003a19    rw-
  00472d80    00472d80    00003a19   00003a19    rw- .data
00480000    00480000    0000b35a   0000b35a    rw-
  00480000    00480000    0000b35a   0000b35a    rw- .rodata
60000000    60000000    00068000   00000000    rw-
  60000000    60000000    00068000   00000000    rw- .l3


SECTION ALLOCATION MAP

 output                                  attributes/
section   page    origin      length       input sections
--------  ----  ----------  ----------   ----------------
.vectors   0    00400000    00000140     
                  00400000    00000140     freertos.xwrL64xx.m4f.ti-arm-clang.debug.lib : HwiP_armv7m_handlers_freertos.obj (.vectors)

.bss       0    00400200    0002ca00     UNINITIALIZED
                  00400200    00008000     (.common:gDpcTaskStack)
                  00408200    00007000     (.common:gMmwCoreLocMem)
                  0040f200    00006400     (.common:gMmwCoreLocMem2)
                  00415600    00004000     control.xwrL64xx.m4f.ti-arm-clang.debug.lib : mmwave_fullcfg.obj (.bss.gMmwHeapMem)
                  00419600    00004000     (.common:gCliTskStack)
                  0041d600    00004000     (.common:gMainTaskStack)
                  00421600    00002000     (.common:gTlvTaskStack)
                  00423600    000013ec     (.common:distances)
                  004249ec    00001000     freertos.xwrL64xx.m4f.ti-arm-clang.debug.lib : port.obj (.bss.uxIdleTaskStack)
                  004259ec    00000014                                                  : timers.obj (.bss.xActiveTimerList1)
                  00425a00    00001000     (.common:gAdcFileTaskStack)
                  00426a00    00001000     (.common:gPowerTaskStack)
                  00427a00    00001000     (.common:gmmwinitTaskStack)
                  00428a00    00000800     (.common:gMmwCoreLocMem3)
                  00429200    00000400                                                  : port.obj (.bss.uxTimerTaskStack)
                  00429600    00000354     (.common:gCLI)
                  00429954    000002a0     (.common:gMMWave_MCB)
                  00429bf4    00000280     (.common:gHwiCtrl)
                  00429e74    0000000a     (.common:tempStats)
                  00429e7e    00000001     control.xwrL64xx.m4f.ti-arm-clang.debug.lib : mmwave_link_xWRLx4xx.obj (.bss.MMWave_openLink.clpcCalTemp)
                  00429e7f    00000001     (.common:pgVersion)
                  00429e80    00000240     mod.a : lib0.obj (.bss.noinit.tvm)
                  0042a0c0    0000021c     ti_drivers_config.o (.bss.gUartObjects)
                  0042a2dc    000001f4     (.common:doaProcDpuCfg)
                  0042a4d0    000001f0     (.common:appSceneryParamTable)
                  0042a6c0    000001d8     (.common:guDopProcHeapMem)
                  0042a898    00000028     (.common:intrObj_rangeProc)
                  0042a8c0    000001cc     datapath_tracker3d.xwrL64xx.m4f.ti-arm-clang.debug.lib : cfarprochwa.obj (.bss.gCfarProcHeapMem)
                  0042aa8c    00000194     ti_drivers_config.o (.bss.gQspiObjects)
                  0042ac20    00000188     (.common:uDopProcDpuCfg)
                  0042ada8    00000014     freertos.xwrL64xx.m4f.ti-arm-clang.debug.lib : timers.obj (.bss.xActiveTimerList2)
                  0042adbc    00000004     control.xwrL64xx.m4f.ti-arm-clang.debug.lib : mmwave_link_xWRLx4xx.obj (.bss.MMWave_openLink.clpcTxcodes)
                  0042adc0    00000184     datapath_tracker3d.xwrL64xx.m4f.ti-arm-clang.debug.lib : mpdproc.obj (.bss.gMpdProcHeapMem)
                  0042af44    00000184     (.common:mpdProcDpuCfg)
                  0042b0c8    00000038     (.common:gClockCtrl)
                  0042b100    00000164                                                            : rangeprochwa.obj (.bss.gRangeProcHeapMem)
                  0042b264    00000014     freertos.xwrL64xx.m4f.ti-arm-clang.debug.lib : tasks.obj (.bss.xDelayedTaskList1)
                  0042b278    00000008     libsysbm.a : hostopen.c.obj (.bss.parmbuf)
                  0042b280    00000154     datapath_tracker3d.xwrL64xx.m4f.ti-arm-clang.debug.lib : trackerproc.obj (.bss.gTrackerProcHeapMem)
                  0042b3d4    00000024     (.common:i2cTransaction)
                  0042b3f8    00000008     (.common:classificationResultStruct)
                  0042b400    00000150                                                            : doaproc.obj (.bss.gDoaProcHeapMem)
                  0042b550    00000140     freertos.xwrL64xx.m4f.ti-arm-clang.debug.lib : tasks.obj (.bss.pxReadyTasksLists)
                  0042b690    0000012c     (.common:Power_contextSave)
                  0042b7bc    00000128     (.common:rangeProcDpuCfg)
                  0042b8e4    00000120     libsysbm.a : trgmsg.c.obj (.bss:_CIOBUF_)
                  0042ba04    00000118     ti_drivers_config.o (.bss.gI2cObjects)
                  0042bb1c    00000100     freertos.xwrL64xx.m4f.ti-arm-clang.debug.lib : timers.obj (.bss.prvCheckForValidListAndQueue.ucStaticTimerQueueStorage)
                  0042bc1c    00000100     (.common:HwaParamsetIntr)
                  0042bd1c    00000100     (.common:xQueueRegistry)
                  0042be1c    000000dc     (.common:inputVectorFloat)
                  0042bef8    000000dc     (.common:inputVectorFloatTemp)
                  0042bfd4    000000d4     (.common:cfarProcDpuCfg)
                  0042c0a8    000000b0     ti_drivers_config.o (.bss.gEdmaObjects)
                  0042c158    000000a0     libc.a : defs.c.obj (.bss.__TI_tmpnams)
                  0042c1f8    00000094     mmwavelink_m4.lib : rl_device.o (.bss.z_FeDriverData)
                  0042c28c    0000007c     freertos.xwrL64xx.m4f.ti-arm-clang.debug.lib : port.obj (.bss.xIdleTaskTCB)
                  0042c308    0000007c                                                  : port.obj (.bss.xTimerTaskTCB)
                  0042c384    0000007c     (.common:gAdcFileTaskObj)
                  0042c400    0000007c     (.common:gCliTaskObj)
                  0042c47c    0000007c     (.common:gDpcTaskObj)
                  0042c4f8    0000007c     (.common:gMainTaskObj)
                  0042c574    0000007c     (.common:gPowerTaskObj)
                  0042c5f0    0000007c     (.common:gTlvTaskObj)
                  0042c66c    0000007c     (.common:gmmwinitTaskObj)
                  0042c6e8    00000070     (.common:gHwaObject)
                  0042c758    00000060                                                  : DebugP_freertos.obj (.bss.gDebugLogLockObj)
                  0042c7b8    00000060     (.common:gMmwOsalMutex)
                  0042c818    00000060     (.common:gMmwOsalSem)
                  0042c878    00000048                                                  : timers.obj (.bss.prvCheckForValidListAndQueue.xStaticTimerQueue)
                  0042c8c0    00000048     (.common:gPowerSemObj)
                  0042c908    00000048     (.common:gRovDummyQueue)
                  0042c950    00000048     (.common:gmmwinitObj)
                  0042c998    00000040     control.xwrL64xx.m4f.ti-arm-clang.debug.lib : mmwave_fullcfg.obj (.bss.gMmwHeapObj)
                  0042c9d8    00000040     (.common:AppDebugData)
                  0042ca18    00000020     (.common:gHwiFrameStartHwiObject)
                  0042ca38    00000020     (.common:gTimerHwiObj)
                  0042ca58    00000020     (.common:idleHwiObj)
                  0042ca78    00000014     freertos.xwrL64xx.m4f.ti-arm-clang.debug.lib : tasks.obj (.bss.xDelayedTaskList2)
                  0042ca8c    00000014                                                  : tasks.obj (.bss.xPendingReadyList)
                  0042caa0    00000014                                                  : tasks.obj (.bss.xSuspendedTaskList)
                  0042cab4    00000014                                                  : tasks.obj (.bss.xTasksWaitingTermination)
                  0042cac8    00000014     (.common:idleHwiPrms)
                  0042cadc    00000014     (.common:intrObj_cfarProc)
                  0042caf0    00000014     (.common:intrObj_doaProc)
                  0042cb04    00000014     (.common:intrObj_uDopProc)
                  0042cb18    00000010     (.common:gFlashObject_MX25V1635F)
                  0042cb28    00000010     (.common:rxData)
                  0042cb38    00000008     (.common:demoEndTime)
                  0042cb40    00000010     datapath_tracker3d.xwrL64xx.m4f.ti-arm-clang.debug.lib : trackerproc.obj (.bss.gTrackerProcDescrpHdlHeapMem)
                  0042cb50    00000010     (.common:txData)
                  0042cb60    00000008     (.common:demoTimeus)
                  0042cb68    00000008     (.common:frmPrdus)
                  0042cb70    00000008     (.common:gEdmaHandle)
                  0042cb78    00000008     (.common:gMmwDemoFlash)
                  0042cb80    00000008     (.common:slpTimeus)
                  0042cb88    00000008     (.common:test)
                  0042cb90    00000008     (.common:ullIdleTime)
                  0042cb98    00000008     (.common:ullSleepTime)
                  0042cba0    00000004     freertos.xwrL64xx.m4f.ti-arm-clang.debug.lib : timers.obj (.bss.pxCurrentTimerList)
                  0042cba4    00000004                                                  : tasks.obj (.bss.pxDelayedTaskList)
                  0042cba8    00000004                                                  : tasks.obj (.bss.pxOverflowDelayedTaskList)
                  0042cbac    00000004                                                  : timers.obj (.bss.pxOverflowTimerList)
                  0042cbb0    00000004     libc.a : memory.c.obj (.bss.sys_free)
                  0042cbb4    00000004     (.common:gAdcFileTask)
                  0042cbb8    00000004     (.common:gCliTask)
                  0042cbbc    00000004     (.common:gDpcTask)
                  0042cbc0    00000004     (.common:gFlashHandle)
                  0042cbc4    00000004     (.common:gI2cHandle)
                  0042cbc8    00000004     (.common:gMainTask)
                  0042cbcc    00000004     (.common:gPowerSem)
                  0042cbd0    00000004     (.common:gPowerTask)
                  0042cbd4    00000004     (.common:gPreStoredAdcTestBuff)
                  0042cbd8    00000004     (.common:gQspiHandle)
                  0042cbdc    00000004     (.common:gTimerBaseAddr)
                  0042cbe0    00000004     (.common:gTlvTask)
                  0042cbe4    00000004     (.common:gUartHandle)
                  0042cbe8    00000004     (.common:gmmwinit)
                  0042cbec    00000004     (.common:gmmwinitTask)
                  0042cbf0    00000004     (.common:gpioBaseAddrLed)
                  0042cbf4    00000004     (.common:hwRes)
                  0042cbf8    00000004     (.common:hwaHandle)
                  0042cbfc    00000004     (.common:pinNumLed)

.sysmem    0    00458000    00003000     UNINITIALIZED
                  00458000    00000010     libc.a : memory.c.obj (.sysmem)
                  00458010    00002ff0     --HOLE--

.stack     0    0045b000    00002000     UNINITIALIZED
                  0045b000    00000004     freertos.xwrL64xx.m4f.ti-arm-clang.debug.lib : boot_armv7m.obj (.stack)
                  0045b004    00001ffc     --HOLE--

.rodata    0    00480000    0000b35a     
                  00480000    00005d80     mod.a : lib0.obj (.rodata.tvm)
                  00485d80    000005a0     alg_gtrack3d.xwrL64xx.m4f.ti-arm-clang.debug.lib : gtrack_math.obj (.rodata.cosTable)
                  00486320    000005a0                                                      : gtrack_math.obj (.rodata.sinTable)
                  004868c0    00000108     libc.a : k_rem_pio2.c.obj (.rodata.ipio2)
                  004869c8    00000008            : _scanfi.c.obj (.rodata..L__const._sproc_float.special)
                  004869d0    00000101            : aeabi_ctype.S.obj (.rodata:__aeabi_ctype_table_)
                  00486ad1    000000d0     mmw_cli.o (.rodata.str1.14397023015307883176.1)
                  00486ba1    000000d0     mmw_cli.o (.rodata.str1.16149131722564312461.1)
                  00486c71    000000d0     mmw_cli.o (.rodata.str1.2299631730623389452.1)
                  00486d41    000000d0     mmw_cli.o (.rodata.str1.5752818433218838775.1)
                  00486e11    000000d0     mmw_cli.o (.rodata.str1.9486114935443546019.1)
                  00486ee1    00000003     ADC_testbuf.o (.rodata.str1.11158189121404707492.1)
                  00486ee4    000000c8     drivers.xwrL64xx.m4f.ti-arm-clang.debug.lib : prcm.obj (.rodata.PRCM_PeriphRegsList)
                  00486fac    000000c1     mmw_cli.o (.rodata.str1.16557226302518885953.1)
                  0048706d    000000bd     mmw_cli.o (.rodata.str1.6499445517774443879.1)
                  0048712a    0000009c     mmw_cli.o (.rodata.str1.11580046791511676478.1)
                  004871c6    00000082     mmw_cli.o (.rodata.str1.8142276848389306828.1)
                  00487248    00000080     libc.a : strtod.c.obj (.rodata.digits)
                  004872c8    0000007c     alg_gtrack3d.xwrL64xx.m4f.ti-arm-clang.debug.lib : gtrack_create.obj (.rodata.defaultSceneryParams)
                  00487344    00000079     mmw_cli.o (.rodata.str1.15370883601398994221.1)
                  004873bd    00000077     factory_cal.o (.rodata.str1.13442828404870886494.1)
                  00487434    00000077     motion_detect.o (.rodata.str1.8938346383878797174.1)
                  004874ab    00000075     mmw_cli.o (.rodata.str1.13732130734465774692.1)
                  00487520    00000074     mmw_cli.o (.rodata.str1.5717208873534916941.1)
                  00487594    00000071     mmw_cli.o (.rodata.str1.1518365280055171521.1)
                  00487605    0000006c     mmw_cli.o (.rodata.str1.4193676270388392762.1)
                  00487671    00000062     mmw_cli.o (.rodata.str1.1837057023916064385.1)
                  004876d3    00000061     mmw_cli.o (.rodata.str1.5196594572200562361.1)
                  00487734    00000060     ti_drivers_config.o (.rodata.Power_config)
                  00487794    0000005f     mmw_cli.o (.rodata.str1.13457730110947640093.1)
                  004877f3    0000005c     freertos.xwrL64xx.m4f.ti-arm-clang.debug.lib : ClockP_freertos_m4.obj (.rodata.str1.93527999352055272301)
                  0048784f    0000005c     mmw_cli.o (.rodata.str1.9857307974448633238.1)
                  004878ab    00000053     drivers.xwrL64xx.m4f.ti-arm-clang.debug.lib : hwa.obj (.rodata.str1.10046696104999493911)
                  004878fe    00000052     mmw_cli.o (.rodata.str1.2669214116434919517.1)
                  00487950    00000050     freertos.xwrL64xx.m4f.ti-arm-clang.debug.lib : printf.obj (.rodata._ftoa.pow10)
                  004879a0    00000050     mmw_cli.o (.rodata.str1.17546339266102763762.1)
                  004879f0    00000050     dpc.o (.rodata.str1.5267187927638388593.1)
                  00487a40    0000004f     motion_detect.o (.rodata.str1.11062313732802357078.1)
                  00487a8f    0000004e     mmwave_control_config.o (.rodata.str1.17480002479440233621.1)
                  00487add    0000004d     dpc.o (.rodata.str1.17909638318585319606.1)
                  00487b2a    0000004c     mmw_cli.o (.rodata.str1.5213444037443584150.1)
                  00487b76    0000004c     mmw_cli.o (.rodata.str1.5596791298366257860.1)
                  00487bc2    0000004b     mmwave_control_config.o (.rodata.str1.15505602600388848346.1)
                  00487c0d    0000004b     mmw_cli.o (.rodata.str1.9567714039554527780.1)
                  00487c58    0000004a     factory_cal.o (.rodata.str1.14231786800572699178.1)
                  00487ca2    00000049     mmwave_control_config.o (.rodata.str1.9444970956996127202.1)
                  00487ceb    00000005     freertos.xwrL64xx.m4f.ti-arm-clang.debug.lib : printf.obj (.rodata.str1.119016125874353717991)
                  00487cf0    00000048     libc.a : strtod.c.obj (.rodata.powerof10)
                  00487d38    00000047     freertos.xwrL64xx.m4f.ti-arm-clang.debug.lib : HeapP_internal.obj (.rodata.str1.14492926327145679711)
                  00487d7f    00000047     mmwave_control_config.o (.rodata.str1.17287970351118989361.1)
                  00487dc6    00000047     factory_cal.o (.rodata.str1.2261169383875314615.1)
                  00487e0d    00000047     mmw_cli.o (.rodata.str1.2317297912909390552.1)
                  00487e54    00000045     mmw_cli.o (.rodata.str1.1074159965412938582.1)
                  00487e99    00000045     mmwave_control_config.o (.rodata.str1.14557627504139006775.1)
                  00487ede    00000045     mmwave_control_config.o (.rodata.str1.7390515084855017282.1)
                  00487f23    00000044     mmw_cli.o (.rodata.str1.2610925446521589621.1)
                  00487f67    00000044     factory_cal.o (.rodata.str1.9218447660233047296.1)
                  00487fab    00000043     factory_cal.o (.rodata.str1.7567688693999047719.1)
                  00487fee    00000042     mmwave_control_config.o (.rodata.str1.2035509843101732199.1)
                  00488030    00000042     mmw_cli.o (.rodata.str1.2761578333333075709.1)
                  00488072    00000042     freertos.xwrL64xx.m4f.ti-arm-clang.debug.lib : HeapP_internal.obj (.rodata.str1.29358471772075290041)
                  004880b4    00000041     factory_cal.o (.rodata.str1.13414630893138012982.1)
                  004880f5    00000041     mmw_cli.o (.rodata.str1.15344867981677735901.1)
                  00488136    00000002     dpc.o (.rodata.str1.10890695369155615366.1)
                  00488138    00000040     libc.a : k_rem_pio2.c.obj (.rodata.PIo2)
                  00488178    00000040     dpc.o (.rodata.str1.11851876903789699751.1)
                  004881b8    00000040     mmwave_control_config.o (.rodata.str1.17872762923619385759.1)
                  004881f8    0000003f     mmwave_control_config.o (.rodata.str1.1746763484372253407.1)
                  00488237    0000003f     control.xwrL64xx.m4f.ti-arm-clang.debug.lib : mmwave_link_common.obj (.rodata.str1.45995489259636872591)
                  00488276    0000003f     mmw_cli.o (.rodata.str1.9473198243998051798.1)
                  004882b5    0000003f     control.xwrL64xx.m4f.ti-arm-clang.debug.lib : mmwave_link_common.obj (.rodata.str1.95633389495143423201)
                  004882f4    0000003e     mmwave_control_config.o (.rodata.str1.5784363331496253512.1)
                  00488332    0000003d     control.xwrL64xx.m4f.ti-arm-clang.debug.lib : mmwave_link_common.obj (.rodata.str1.108239251897802622521)
                  0048836f    0000003d     mmwave_control_config.o (.rodata.str1.16693801283529977026.1)
                  004883ac    0000003d     power_management.o (.rodata.str1.1782491405338069446.1)
                  004883e9    0000003d     mmwave_control_config.o (.rodata.str1.6246906723011682443.1)
                  00488426    0000003d     control.xwrL64xx.m4f.ti-arm-clang.debug.lib : mmwave_link_common.obj (.rodata.str1.84582364245452780821)
                  00488463    00000001     --HOLE-- [fill = 0]
                  00488464    0000003c     alg_gtrack3d.xwrL64xx.m4f.ti-arm-clang.debug.lib : gtrack_create.obj (.rodata.defaultPresenceParams)
                  004884a0    0000003c     control.xwrL64xx.m4f.ti-arm-clang.debug.lib : mmwave_link_common.obj (.rodata.str1.110970753503686260441)
                  004884dc    0000003c     motion_detect.o (.rodata.str1.11994651562407961924.1)
                  00488518    0000003c     control.xwrL64xx.m4f.ti-arm-clang.debug.lib : mmwave_link_common.obj (.rodata.str1.124861646950279782931)
                  00488554    0000003c     mmw_cli.o (.rodata.str1.14021915633260201041.1)
                  00488590    0000003c     mmw_cli.o (.rodata.str1.2144271495925132003.1)
                  004885cc    0000003c     control.xwrL64xx.m4f.ti-arm-clang.debug.lib : mmwave_link_common.obj (.rodata.str1.51990471603059290731)
                  00488608    0000003c                                                 : mmwave_link_common.obj (.rodata.str1.69160443919749921471)
                  00488644    0000003b     mmw_cli.o (.rodata.str1.12915249984170028694.1)
                  0048867f    0000003b     mmwave_control_config.o (.rodata.str1.15761103916776832399.1)
                  004886ba    0000003b     drivers.xwrL64xx.m4f.ti-arm-clang.debug.lib : hwa.obj (.rodata.str1.16429509581582831281)
                  004886f5    0000003b     mmw_cli.o (.rodata.str1.17339376339234636209.1)
                  00488730    0000003a     mmw_cli.o (.rodata.str1.10696597525166683362.1)
                  0048876a    0000003a     motion_detect.o (.rodata.str1.11291718973876457959.1)
                  004887a4    0000003a     dpc.o (.rodata.str1.12669482764298315870.1)
                  004887de    0000003a     dpc.o (.rodata.str1.16311090157816583455.1)
                  00488818    0000003a     motion_detect.o (.rodata.str1.6598420849927136525.1)
                  00488852    00000039     dpc.o (.rodata.str1.17050679061265015123.1)
                  0048888b    00000038     freertos.xwrL64xx.m4f.ti-arm-clang.debug.lib : HeapP_internal.obj (.rodata.str1.61511462371862462041)
                  004888c3    00000038     mmw_cli.o (.rodata.str1.6462259499352515086.1)
                  004888fb    00000038     factory_cal.o (.rodata.str1.879207662197047769.1)
                  00488933    00000037     freertos.xwrL64xx.m4f.ti-arm-clang.debug.lib : SemaphoreP_freertos.obj (.rodata.str1.101306302737560956511)
                  0048896a    00000037     control.xwrL64xx.m4f.ti-arm-clang.debug.lib : mmwave_fullcfg.obj (.rodata.str1.25933196895083554371)
                  004889a1    00000037     dpc.o (.rodata.str1.3391766138636827220.1)
                  004889d8    00000037     motion_detect.o (.rodata.str1.4607394207307703875.1)
                  00488a0f    00000037     mmw_cli.o (.rodata.str1.4826034436773471815.1)
                  00488a46    00000037     dpc.o (.rodata.str1.7200477428705320336.1)
                  00488a7d    00000037     dpc.o (.rodata.str1.8342607368675214167.1)
                  00488ab4    00000036     mmwave_control_config.o (.rodata.str1.204769122936352443.1)
                  00488aea    00000036     mmw_cli.o (.rodata.str1.2535063223510336549.1)
                  00488b20    00000036     ADC_testbuf.o (.rodata.str1.3525146516659275753.1)
                  00488b56    00000036     dpc.o (.rodata.str1.4975791316741567322.1)
                  00488b8c    00000036     dpc.o (.rodata.str1.5079675281326230614.1)
                  00488bc2    00000036     ti_board_open_close.o (.rodata.str1.760704006985994805.1)
                  00488bf8    00000035     ti_drivers_open_close.o (.rodata.str1.10252002122772422448.1)
                  00488c2d    00000035     dpc.o (.rodata.str1.4449634889710398127.1)
                  00488c62    00000035     mmw_cli.o (.rodata.str1.4631330693217518789.1)
                  00488c97    00000035     ti_drivers_open_close.o (.rodata.str1.7750254725308216577.1)
                  00488ccc    00000035     ti_drivers_open_close.o (.rodata.str1.871795152488895636.1)
                  00488d01    00000034     ti_drivers_open_close.o (.rodata.str1.2554706296470369595.1)
                  00488d35    00000033     mmw_cli.o (.rodata.str1.38648615121623410.1)
                  00488d68    00000033     dpc.o (.rodata.str1.5075528959349790100.1)
                  00488d9b    00000032     dpc.o (.rodata.str1.14226604604010457245.1)
                  00488dcd    00000032     dpc.o (.rodata.str1.14701823564073459423.1)
                  00488dff    00000032     mmw_cli.o (.rodata.str1.3342998724912415392.1)
                  00488e31    00000032     mmw_cli.o (.rodata.str1.7071771347474105709.1)
                  00488e63    00000032     motion_detect.o (.rodata.str1.9107361407032343862.1)
                  00488e95    00000031     freertos.xwrL64xx.m4f.ti-arm-clang.debug.lib : HeapP_internal.obj (.rodata.str1.93709885423531533851)
                  00488ec6    00000002     mmwave_control_config.o (.rodata.str1.1105250420429090612.1)
                  00488ec8    00000030     libc.a : e_exp.c.obj (.rodata.cst16)
                  00488ef8    00000030            : e_pow.c.obj (.rodata.cst16)
                  00488f28    00000030     mmw_cli.o (.rodata.str1.10716456094304986739.1)
                  00488f58    00000030     mmw_cli.o (.rodata.str1.11650564583990093867.1)
                  00488f88    00000030     mmw_cli.o (.rodata.str1.14228128978777089629.1)
                  00488fb8    00000030     mmw_cli.o (.rodata.str1.15375768201416865760.1)
                  00488fe8    00000030     mmw_cli.o (.rodata.str1.16614768070326331658.1)
                  00489018    00000030     ADC_testbuf.o (.rodata.str1.3696679686521276924.1)
                  00489048    00000030     mmw_cli.o (.rodata.str1.4272507185860916913.1)
                  00489078    00000030     mmw_cli.o (.rodata.str1.4650837564727531045.1)
                  004890a8    0000002f     ADC_testbuf.o (.rodata.str1.12225742605922891905.1)
                  004890d7    0000002f     dpc.o (.rodata.str1.14154393961888476759.1)
                  00489106    0000002f     mmw_cli.o (.rodata.str1.14325949755907473220.1)
                  00489135    0000002f     mmw_cli.o (.rodata.str1.2109139787413796805.1)
                  00489164    0000002f     dpc.o (.rodata.str1.6960877615140662158.1)
                  00489193    0000002e     dpc.o (.rodata.str1.16825047805609096780.1)
                  004891c1    0000002e     dpc.o (.rodata.str1.639600111360578228.1)
                  004891ef    0000002e     factory_cal.o (.rodata.str1.6552284701940853314.1)
                  0048921d    0000002d     control.xwrL64xx.m4f.ti-arm-clang.debug.lib : mmwave_link_common.obj (.rodata.str1.19081546733048920471)
                  0048924a    0000002d     ADC_testbuf.o (.rodata.str1.6496131976050503271.1)
                  00489277    0000002d     dpc.o (.rodata.str1.9214483890376063066.1)
                  004892a4    0000002c     freertos.xwrL64xx.m4f.ti-arm-clang.debug.lib : HeapP_freertos.obj (.rodata.str1.58440133463682020491)
                  004892d0    0000002c     dpc.o (.rodata.str1.8697912772677353914.1)
                  004892fc    0000002b     dpc.o (.rodata.str1.13172999470327123657.1)
                  00489327    0000002b     mmw_cli.o (.rodata.str1.3355739884724110815.1)
                  00489352    0000002b     mmw_cli.o (.rodata.str1.6181054435053064866.1)
                  0048937d    0000002b     mmw_cli.o (.rodata.str1.8366195341505742344.1)
                  004893a8    0000002a     dpc.o (.rodata.str1.14050617681922430864.1)
                  004893d2    0000002a     mmw_cli.o (.rodata.str1.17158717650830686054.1)
                  004893fc    0000002a     monitors.o (.rodata.str1.408772254460761651.1)
                  00489426    0000002a     freertos.xwrL64xx.m4f.ti-arm-clang.debug.lib : DebugP_log.obj (.rodata.str1.83863751503234361091)
                  00489450    00000029     control.xwrL64xx.m4f.ti-arm-clang.debug.lib : mmwave_link_common.obj (.rodata.str1.134882977647291042511)
                  00489479    00000029                                                 : mmwave_fullcfg.obj (.rodata.str1.13521778233418652361)
                  004894a2    00000029     mmw_cli.o (.rodata.str1.149264376128962107.1)
                  004894cb    00000029     control.xwrL64xx.m4f.ti-arm-clang.debug.lib : mmwave_link_common.obj (.rodata.str1.17146217862090222941)
                  004894f4    00000029     tracker_utils.o (.rodata.str1.5545659545584683396.1)
                  0048951d    00000029     control.xwrL64xx.m4f.ti-arm-clang.debug.lib : mmwave_link_xWRLx4xx.obj (.rodata.str1.86429577646686442771)
                  00489546    00000028     freertos.xwrL64xx.m4f.ti-arm-clang.debug.lib : SysTickTimerP.obj (.rodata.str1.132229217866366624301)
                  0048956e    00000028     mmw_cli.o (.rodata.str1.13512376417294272885.1)
                  00489596    00000028     ADC_testbuf.o (.rodata.str1.3369613220581966619.1)
                  004895be    00000028     mmw_cli.o (.rodata.str1.8999080420697008982.1)
                  004895e6    00000028     ADC_testbuf.o (.rodata.str1.909281651829846383.1)
                  0048960e    00000027     mmw_cli.o (.rodata.str1.11562553809244136024.1)
                  00489635    00000027     mmw_cli.o (.rodata.str1.1444655997955685917.1)
                  0048965c    00000027     motion_detect.o (.rodata.str1.15212714710256909899.1)
                  00489683    00000027     monitors.o (.rodata.str1.2047425554635276141.1)
                  004896aa    00000027     dpc.o (.rodata.str1.5752541009145509704.1)
                  004896d1    00000027     control.xwrL64xx.m4f.ti-arm-clang.debug.lib : mmwave.obj (.rodata.str1.58511699200455819071)
                  004896f8    00000027                                                 : mmwave_fullcfg.obj (.rodata.str1.60883298767223821051)
                  0048971f    00000027     interrupts.o (.rodata.str1.7785111957544837225.1)
                  00489746    00000026     mmw_cli.o (.rodata.str1.10758527376509617285.1)
                  0048976c    00000026     freertos.xwrL64xx.m4f.ti-arm-clang.debug.lib : ClockP_freertos_m4.obj (.rodata.str1.155599933748343169311)
                  00489792    00000026     mmw_cli.o (.rodata.str1.18096442044034545176.1)
                  004897b8    00000026     mmwave_control_config.o (.rodata.str1.2826831094159351623.1)
                  004897de    00000026     motion_detect.o (.rodata.str1.5098164068857059828.1)
                  00489804    00000026     freertos.xwrL64xx.m4f.ti-arm-clang.debug.lib : HeapP_internal.obj (.rodata.str1.57495470182231764341)
                  0048982a    00000026     dpc.o (.rodata.str1.9106138204188920147.1)
                  00489850    00000025     mmw_cli.o (.rodata.str1.14396811412247307618.1)
                  00489875    00000025     dpc.o (.rodata.str1.14758742345162746908.1)
                  0048989a    00000025     mmwave_control_config.o (.rodata.str1.15748713305974037564.1)
                  004898bf    00000025     dpc.o (.rodata.str1.16315956457332207575.1)
                  004898e4    00000025     dpc.o (.rodata.str1.18170293151256861407.1)
                  00489909    00000025     mmw_cli.o (.rodata.str1.4492821368217533746.1)
                  0048992e    00000002     factory_cal.o (.rodata.str1.13532441155091931622.1)
                  00489930    00000024     drivers.xwrL64xx.m4f.ti-arm-clang.debug.lib : i2c_v0.obj (.rodata.I2C_defaultTransaction)
                  00489954    00000024     alg_gtrack3d.xwrL64xx.m4f.ti-arm-clang.debug.lib : gtrack_utilities_3d.obj (.rodata.pInit)
                  00489978    00000024     factory_cal.o (.rodata.str1.2308832945448936997.1)
                  0048999c    00000024     mmw_cli.o (.rodata.str1.7279713132276034997.1)
                  004899c0    00000024     drivers.xwrL64xx.m4f.ti-arm-clang.debug.lib : edma.obj (.rodata.str1.76418684701105564031)
                  004899e4    00000023     motion_detect.o (.rodata.str1.1068636500645570684.1)
                  00489a07    00000023     ADC_testbuf.o (.rodata.str1.12260745434007912052.1)
                  00489a2a    00000023     surface.o (.rodata.str1.17848434602073690906.1)
                  00489a4d    00000022     control.xwrL64xx.m4f.ti-arm-clang.debug.lib : mmwave_link_common.obj (.rodata.str1.126474305214701980561)
                  00489a6f    00000022     mmwave_control_config.o (.rodata.str1.14933512872952915335.1)
                  00489a91    00000022     control.xwrL64xx.m4f.ti-arm-clang.debug.lib : mmwave_link_common.obj (.rodata.str1.17484261792804088971)
                  00489ab3    00000022     freertos.xwrL64xx.m4f.ti-arm-clang.debug.lib : TimerP_rti.obj (.rodata.str1.183751250849585402871)
                  00489ad5    00000022                                                  : ClockP_freertos_m4.obj (.rodata.str1.28494904843492979541)
                  00489af7    00000022     factory_cal.o (.rodata.str1.808138789058433518.1)
                  00489b19    00000022     drivers.xwrL64xx.m4f.ti-arm-clang.debug.lib : hwa.obj (.rodata.str1.95115816398725402471)
                  00489b3b    00000022     dpc.o (.rodata.str1.9998922616306585462.1)
                  00489b5d    00000021     dpc.o (.rodata.str1.346627727781804610.1)
                  00489b7e    00000021     freertos.xwrL64xx.m4f.ti-arm-clang.debug.lib : SemaphoreP_freertos.obj (.rodata.str1.58153449447620416071)
                  00489b9f    00000021     dpc.o (.rodata.str1.6179163208410217755.1)
                  00489bc0    00000021     datapath_tracker3d.xwrL64xx.m4f.ti-arm-clang.debug.lib : rangeprochwa.obj (.rodata.str1.67713060989396623041)
                  00489be1    00000021     freertos.xwrL64xx.m4f.ti-arm-clang.debug.lib : SysTickTimerP.obj (.rodata.str1.88473769475384572821)
                  00489c02    00000002     alg_gtrack3d.xwrL64xx.m4f.ti-arm-clang.debug.lib : gtrack_module.obj (.rodata.str1.141695362736172829701)
                  00489c04    00000020     libc.a : s_atanf.c.obj (.rodata.cst16)
                  00489c24    00000020     mmwave_control_config.o (.rodata.str1.11051810100525183626.1)
                  00489c44    00000020     freertos.xwrL64xx.m4f.ti-arm-clang.debug.lib : HeapP_internal.obj (.rodata.str1.129007025137547601611)
                  00489c64    00000020     datapath_tracker3d.xwrL64xx.m4f.ti-arm-clang.debug.lib : rangeprochwa.obj (.rodata.str1.131952804703999116141)
                  00489c84    00000020                                                            : dpedma.obj (.rodata.str1.141847838684545536891)
                  00489ca4    00000020                                                            : doaproc.obj (.rodata.str1.147893093929588933861)
                  00489cc4    00000020                                                            : udopproc.obj (.rodata.str1.168269702327959867461)
                  00489ce4    00000020     mmwave_control_config.o (.rodata.str1.16886650873483795122.1)
                  00489d04    00000020     mmw_cli.o (.rodata.str1.16988210329696847485.1)
                  00489d24    00000020     freertos.xwrL64xx.m4f.ti-arm-clang.debug.lib : ClockP_freertos_m4.obj (.rodata.str1.175475718105184423191)
                  00489d44    00000020     ADC_testbuf.o (.rodata.str1.640655142361049797.1)
                  00489d64    00000020     datapath_tracker3d.xwrL64xx.m4f.ti-arm-clang.debug.lib : cfarprochwa.obj (.rodata.str1.75601440822648244061)
                  00489d84    00000020                                                            : rangeprochwa.obj (.rodata.str1.88979091072727106741)
                  00489da4    00000020     ADC_testbuf.o (.rodata.str1.8939047752743725865.1)
                  00489dc4    0000001f     datapath_tracker3d.xwrL64xx.m4f.ti-arm-clang.debug.lib : dpedma.obj (.rodata.str1.112763235840315773661)
                  00489de3    0000001f                                                            : rangeprochwa.obj (.rodata.str1.54734366959632766391)
                  00489e02    0000001f     mmw_cli.o (.rodata.str1.7544408124526856510.1)
                  00489e21    0000001f     mmw_cli.o (.rodata.str1.9270875314621423650.1)
                  00489e40    0000001e     datapath_tracker3d.xwrL64xx.m4f.ti-arm-clang.debug.lib : rangeprochwa.obj (.rodata.str1.142442486087228130171)
                  00489e5e    0000001e     mmw_cli.o (.rodata.str1.15061322141978314816.1)
                  00489e7c    0000001e     datapath_tracker3d.xwrL64xx.m4f.ti-arm-clang.debug.lib : cfarprochwa.obj (.rodata.str1.154727548833764916341)
                  00489e9a    0000001e                                                            : dpedma.obj (.rodata.str1.161011223215108038661)
                  00489eb8    0000001e     mmwave_control_config.o (.rodata.str1.6829231648153374325.1)
                  00489ed6    0000001e     freertos.xwrL64xx.m4f.ti-arm-clang.debug.lib : ClockP_freertos_m4.obj (.rodata.str1.95418503957988924921)
                  00489ef4    0000001d                                                  : TimerP_rti.obj (.rodata.str1.10649339995674681421)
                  00489f11    0000001d     datapath_tracker3d.xwrL64xx.m4f.ti-arm-clang.debug.lib : dpedma.obj (.rodata.str1.123910371106083150671)
                  00489f2e    0000001d     drivers.xwrL64xx.m4f.ti-arm-clang.debug.lib : qspi.obj (.rodata.str1.135910412420766670741)
                  00489f4b    0000001d     motion_detect.o (.rodata.str1.2498965325637042400.1)
                  00489f68    0000001d     datapath_tracker3d.xwrL64xx.m4f.ti-arm-clang.debug.lib : udopproc.obj (.rodata.str1.75597654195607602281)
                  00489f85    0000001c     freertos.xwrL64xx.m4f.ti-arm-clang.debug.lib : ClockP_freertos_m4.obj (.rodata.str1.137153928244774444421)
                  00489fa1    0000001c     control.xwrL64xx.m4f.ti-arm-clang.debug.lib : mmwave_fullcfg.obj (.rodata.str1.14931778690664611501)
                  00489fbd    0000001c     ADC_testbuf.o (.rodata.str1.17700289083306599026.1)
                  00489fd9    0000001c     control.xwrL64xx.m4f.ti-arm-clang.debug.lib : mmwave.obj (.rodata.str1.178598906955715180121)
                  00489ff5    0000001c     drivers.xwrL64xx.m4f.ti-arm-clang.debug.lib : soc_rcm.obj (.rodata.str1.56477286324532805231)
                  0048a011    0000001c     freertos.xwrL64xx.m4f.ti-arm-clang.debug.lib : HeapP_freertos.obj (.rodata.str1.73216465170441265411)
                  0048a02d    0000001c     mmw_cli.o (.rodata.str1.810125764330597486.1)
                  0048a049    0000001c     surface.o (.rodata.str1.8323791673549716558.1)
                  0048a065    0000001b     datapath_tracker3d.xwrL64xx.m4f.ti-arm-clang.debug.lib : udopproc.obj (.rodata.str1.109324262659481203831)
                  0048a080    0000001b     mmwave_control_config.o (.rodata.str1.13763672593486873731.1)
                  0048a09b    0000001b     freertos.xwrL64xx.m4f.ti-arm-clang.debug.lib : TimerP_rti.obj (.rodata.str1.173554094149329783161)
                  0048a0b6    0000001b     mmw_cli.o (.rodata.str1.17626205082522126646.1)
                  0048a0d1    0000001b     mmw_cli.o (.rodata.str1.4773739047093561421.1)
                  0048a0ec    0000001b     mmw_cli.o (.rodata.str1.4809194190406112025.1)
                  0048a107    0000001b     freertos.xwrL64xx.m4f.ti-arm-clang.debug.lib : SysTickTimerP.obj (.rodata.str1.49371646234269088851)
                  0048a122    0000001b                                                  : SemaphoreP_freertos.obj (.rodata.str1.54880761511891225261)
                  0048a13d    0000001a     drivers.xwrL64xx.m4f.ti-arm-clang.debug.lib : edma.obj (.rodata.str1.100996213821086933721)
                  0048a157    0000001a     freertos.xwrL64xx.m4f.ti-arm-clang.debug.lib : SemaphoreP_freertos.obj (.rodata.str1.113239132686834773161)
                  0048a171    0000001a     mmw_cli.o (.rodata.str1.12534805069060073131.1)
                  0048a18b    0000001a     mmw_demo_utils.o (.rodata.str1.12826909650143912666.1)
                  0048a1a5    0000001a     mmwave_control_config.o (.rodata.str1.13826277144032356825.1)
                  0048a1bf    0000001a     drivers.xwrL64xx.m4f.ti-arm-clang.debug.lib : soc_rcm.obj (.rodata.str1.13846211276285849311)
                  0048a1d9    0000001a                                                 : qspi_edma.obj (.rodata.str1.143677181573357729111)
                  0048a1f3    0000001a     datapath_tracker3d.xwrL64xx.m4f.ti-arm-clang.debug.lib : dpedma.obj (.rodata.str1.169388375426005000721)
                  0048a20d    0000001a     ADC_testbuf.o (.rodata.str1.17708785538883890858.1)
                  0048a227    0000001a     drivers.xwrL64xx.m4f.ti-arm-clang.debug.lib : qspi_edma.obj (.rodata.str1.31994798867268193021)
                  0048a241    0000001a     datapath_tracker3d.xwrL64xx.m4f.ti-arm-clang.debug.lib : dpedma.obj (.rodata.str1.43860103801449863691)
                  0048a25b    0000001a     drivers.xwrL64xx.m4f.ti-arm-clang.debug.lib : soc_rcm.obj (.rodata.str1.52576848066905547631)
                  0048a275    0000001a     datapath_tracker3d.xwrL64xx.m4f.ti-arm-clang.debug.lib : rangeprochwa.obj (.rodata.str1.67309077677680821611)
                  0048a28f    0000001a     drivers.xwrL64xx.m4f.ti-arm-clang.debug.lib : soc_rcm.obj (.rodata.str1.73573858413138203341)
                  0048a2a9    0000001a     control.xwrL64xx.m4f.ti-arm-clang.debug.lib : mmwave.obj (.rodata.str1.77918800745652162901)
                  0048a2c3    0000001a     datapath_tracker3d.xwrL64xx.m4f.ti-arm-clang.debug.lib : dpedma.obj (.rodata.str1.79673117680264356251)
                  0048a2dd    00000019     mmwave_control_config.o (.rodata.str1.13552689940637623049.1)
                  0048a2f6    00000019     datapath_tracker3d.xwrL64xx.m4f.ti-arm-clang.debug.lib : dpedma.obj (.rodata.str1.140088149711931922911)
                  0048a30f    00000019                                                            : doaproc.obj (.rodata.str1.140798677933834715101)
                  0048a328    00000019     freertos.xwrL64xx.m4f.ti-arm-clang.debug.lib : TimerP_rti.obj (.rodata.str1.163340783655579610271)
                  0048a341    00000019     drivers.xwrL64xx.m4f.ti-arm-clang.debug.lib : soc_rcm.obj (.rodata.str1.164767278446434951321)
                  0048a35a    00000019                                                 : uart_sci_edma.obj (.rodata.str1.1694563462317297321)
                  0048a373    00000019     mmwave_control_config.o (.rodata.str1.18294630044758695807.1)
                  0048a38c    00000019     drivers.xwrL64xx.m4f.ti-arm-clang.debug.lib : qspi_edma.obj (.rodata.str1.48709671272779746201)
                  0048a3a5    00000019     mmw_cli.o (.rodata.str1.5131970155185648862.1)
                  0048a3be    00000019     drivers.xwrL64xx.m4f.ti-arm-clang.debug.lib : uart_sci.obj (.rodata.str1.55013173113347637961)
                  0048a3d7    00000019     freertos.xwrL64xx.m4f.ti-arm-clang.debug.lib : SysTickTimerP.obj (.rodata.str1.61321094930033951131)
                  0048a3f0    00000019     datapath_tracker3d.xwrL64xx.m4f.ti-arm-clang.debug.lib : cfarprochwa.obj (.rodata.str1.70587178997588339721)
                  0048a409    00000019     drivers.xwrL64xx.m4f.ti-arm-clang.debug.lib : uart_sci.obj (.rodata.str1.87895611013758742281)
                  0048a422    00000002     monitors.o (.rodata.str1.17443507739587230224.1)
                  0048a424    00000018     libc.a : e_powf.c.obj (.rodata.cst8)
                  0048a43c    00000018     alg_gtrack3d.xwrL64xx.m4f.ti-arm-clang.debug.lib : gtrack_create.obj (.rodata.defaultAllocationParams)
                  0048a454    00000018     mmw_cli.o (.rodata.str1.10290946780392552345.1)
                  0048a46c    00000018     drivers.xwrL64xx.m4f.ti-arm-clang.debug.lib : uart_sci.obj (.rodata.str1.120312415395384906381)
                  0048a484    00000018     ADC_testbuf.o (.rodata.str1.13221793717806955879.1)
                  0048a49c    00000018     dpc.o (.rodata.str1.15508752438636307620.1)
                  0048a4b4    00000018     control.xwrL64xx.m4f.ti-arm-clang.debug.lib : mmwave_link_common.obj (.rodata.str1.159629092653914960431)
                  0048a4cc    00000018     ADC_testbuf.o (.rodata.str1.16910769885335703131.1)
                  0048a4e4    00000018     drivers.xwrL64xx.m4f.ti-arm-clang.debug.lib : i2c_v0.obj (.rodata.str1.37294835751928872871)
                  0048a4fc    00000018                                                 : i2c_v0.obj (.rodata.str1.59089855815541349391)
                  0048a514    00000018     mmw_cli.o (.rodata.str1.661979528940086591.1)
                  0048a52c    00000018     drivers.xwrL64xx.m4f.ti-arm-clang.debug.lib : i2c_v0.obj (.rodata.str1.77450570067490785021)
                  0048a544    00000018     motion_detect.o (.rodata.str1.8988808849642714904.1)
                  0048a55c    00000018     drivers.xwrL64xx.m4f.ti-arm-clang.debug.lib : uart_sci_edma.obj (.rodata.str1.96300436347963894471)
                  0048a574    00000017     dpc.o (.rodata.str1.12286293099186274731.1)
                  0048a58b    00000017     drivers.xwrL64xx.m4f.ti-arm-clang.debug.lib : qspi_edma.obj (.rodata.str1.124354099690648782791)
                  0048a5a2    00000017                                                 : edma.obj (.rodata.str1.124854076466481638881)
                  0048a5b9    00000017     mmw_cli.o (.rodata.str1.12592856990107314686.1)
                  0048a5d0    00000017     mmwave_control_config.o (.rodata.str1.15318877530032866317.1)
                  0048a5e7    00000017     drivers.xwrL64xx.m4f.ti-arm-clang.debug.lib : uart_sci.obj (.rodata.str1.165585763696907955751)
                  0048a5fe    00000017     mmwave_control_config.o (.rodata.str1.17640393533003702593.1)
                  0048a615    00000017     datapath_tracker3d.xwrL64xx.m4f.ti-arm-clang.debug.lib : dpedma.obj (.rodata.str1.57656446526111854721)
                  0048a62c    00000017     dpc.o (.rodata.str1.7103599600381888455.1)
                  0048a643    00000017     alg_gtrack3d.xwrL64xx.m4f.ti-arm-clang.debug.lib : gtrack_module.obj (.rodata.str1.82976433611574338681)
                  0048a65a    00000017     drivers.xwrL64xx.m4f.ti-arm-clang.debug.lib : soc_rcm.obj (.rodata.str1.85053832093120688671)
                  0048a671    00000016                                                 : qspi.obj (.rodata.str1.12560174967481994231)
                  0048a687    00000016     control.xwrL64xx.m4f.ti-arm-clang.debug.lib : mmwave_fullcfg.obj (.rodata.str1.141679634910436009881)
                  0048a69d    00000016     drivers.xwrL64xx.m4f.ti-arm-clang.debug.lib : edma.obj (.rodata.str1.168695502010531622391)
                  0048a6b3    00000016     dpc.o (.rodata.str1.1877102270638073784.1)
                  0048a6c9    00000016     dpc.o (.rodata.str1.2990020461250311887.1)
                  0048a6df    00000016     mmw_cli.o (.rodata.str1.4718364812622727363.1)
                  0048a6f5    00000016     power_management.o (.rodata.str1.5385983891440060941.1)
                  0048a70b    00000016     mmw_cli.o (.rodata.str1.6608114862192766287.1)
                  0048a721    00000016     dpc.o (.rodata.str1.8016207415843810184.1)
                  0048a737    00000016     drivers.xwrL64xx.m4f.ti-arm-clang.debug.lib : uart_sci.obj (.rodata.str1.85700947625728835951)
                  0048a74d    00000016     monitors.o (.rodata.str1.8599020243246509228.1)
                  0048a763    00000016     drivers.xwrL64xx.m4f.ti-arm-clang.debug.lib : qspi.obj (.rodata.str1.92825623095800856511)
                  0048a779    00000015     datapath_tracker3d.xwrL64xx.m4f.ti-arm-clang.debug.lib : doaproc.obj (.rodata.str1.103504781564868815891)
                  0048a78e    00000015     mmw_cli.o (.rodata.str1.12566250466439199095.1)
                  0048a7a3    00000015     alg_gtrack3d.xwrL64xx.m4f.ti-arm-clang.debug.lib : gtrack_module.obj (.rodata.str1.160596198269063819051)
                  0048a7b8    00000015     mmw_cli.o (.rodata.str1.16931654531076578445.1)
                  0048a7cd    00000015     datapath_tracker3d.xwrL64xx.m4f.ti-arm-clang.debug.lib : doaproc.obj (.rodata.str1.22226505967566359301)
                  0048a7e2    00000015     drivers.xwrL64xx.m4f.ti-arm-clang.debug.lib : uart_sci.obj (.rodata.str1.30326902893263927811)
                  0048a7f7    00000015     control.xwrL64xx.m4f.ti-arm-clang.debug.lib : mmwave_fullcfg.obj (.rodata.str1.32874431546873497851)
                  0048a80c    00000015     interrupts.o (.rodata.str1.4781204284176724546.1)
                  0048a821    00000015     dpc.o (.rodata.str1.6376174279318393532.1)
                  0048a836    00000015     datapath_tracker3d.xwrL64xx.m4f.ti-arm-clang.debug.lib : dpedma.obj (.rodata.str1.8701746794517720421)
                  0048a84b    00000015     dpc.o (.rodata.str1.9543937434962737531.1)
                  0048a860    00000014     alg_gtrack3d.xwrL64xx.m4f.ti-arm-clang.debug.lib : gtrack_create.obj (.rodata.defaultGatingParams)
                  0048a874    00000014     motion_detect.o (.rodata.str1.10474512841899679371.1)
                  0048a888    00000014     drivers.xwrL64xx.m4f.ti-arm-clang.debug.lib : uart_sci.obj (.rodata.str1.110275345620306777191)
                  0048a89c    00000014                                                 : edma.obj (.rodata.str1.111851871490580105611)
                  0048a8b0    00000014                                                 : uart_sci.obj (.rodata.str1.121623592925719072031)
                  0048a8c4    00000014                                                 : hwa.obj (.rodata.str1.128883140697146463411)
                  0048a8d8    00000014     mmw_cli.o (.rodata.str1.13508780082445256706.1)
                  0048a8ec    00000014     ADC_testbuf.o (.rodata.str1.13620481107661282646.1)
                  0048a900    00000014     mmw_cli.o (.rodata.str1.14412855185870869024.1)
                  0048a914    00000014     drivers.xwrL64xx.m4f.ti-arm-clang.debug.lib : uart_sci.obj (.rodata.str1.156252650444771372741)
                  0048a928    00000014     dpc.o (.rodata.str1.17893995064298386234.1)
                  0048a93c    00000014     datapath_tracker3d.xwrL64xx.m4f.ti-arm-clang.debug.lib : dpedma.obj (.rodata.str1.54881511301183878021)
                  0048a950    00000014     control.xwrL64xx.m4f.ti-arm-clang.debug.lib : mmwave.obj (.rodata.str1.65115404054182740111)
                  0048a964    00000014     power_management.o (.rodata.str1.6870221053945702981.1)
                  0048a978    00000014     mmw_cli.o (.rodata.str1.7144811518541550541.1)
                  0048a98c    00000014     ADC_testbuf.o (.rodata.str1.7365397594166178802.1)
                  0048a9a0    00000014     ADC_testbuf.o (.rodata.str1.7990432622361717988.1)
                  0048a9b4    00000014     control.xwrL64xx.m4f.ti-arm-clang.debug.lib : mmwave_fullcfg.obj (.rodata.str1.88294936616507503111)
                  0048a9c8    00000014     freertos.xwrL64xx.m4f.ti-arm-clang.debug.lib : SysTickTimerP.obj (.rodata.str1.92242029949279274251)
                  0048a9dc    00000013     datapath_tracker3d.xwrL64xx.m4f.ti-arm-clang.debug.lib : dpedma.obj (.rodata.str1.138793384241510057371)
                  0048a9ef    00000013     mmw_cli.o (.rodata.str1.14832898256129171004.1)
                  0048aa02    00000013     drivers.xwrL64xx.m4f.ti-arm-clang.debug.lib : edma.obj (.rodata.str1.161616063420144653881)
                  0048aa15    00000013                                                 : uart_sci.obj (.rodata.str1.165533286247086816691)
                  0048aa28    00000013     motion_detect.o (.rodata.str1.17441259440399062077.1)
                  0048aa3b    00000013     ADC_testbuf.o (.rodata.str1.251218241927215528.1)
                  0048aa4e    00000013     drivers.xwrL64xx.m4f.ti-arm-clang.debug.lib : uart_sci.obj (.rodata.str1.26965721692059912711)
                  0048aa61    00000013     control.xwrL64xx.m4f.ti-arm-clang.debug.lib : mmwave_fullcfg.obj (.rodata.str1.55426612929700486041)
                  0048aa74    00000013     drivers.xwrL64xx.m4f.ti-arm-clang.debug.lib : uart_sci.obj (.rodata.str1.69545364057784193721)
                  0048aa87    00000013     factory_cal.o (.rodata.str1.8671336747607333284.1)
                  0048aa9a    00000012     drivers.xwrL64xx.m4f.ti-arm-clang.debug.lib : edma.obj (.rodata.str1.108028640702030349071)
                  0048aaac    00000012     dpc.o (.rodata.str1.15331493394725007398.1)
                  0048aabe    00000012     mmw_cli.o (.rodata.str1.15602114690009759873.1)
                  0048aad0    00000012     drivers.xwrL64xx.m4f.ti-arm-clang.debug.lib : uart_sci_edma.obj (.rodata.str1.160953260642837941861)
                  0048aae2    00000012                                                 : edma.obj (.rodata.str1.168183851025455507691)
                  0048aaf4    00000012                                                 : uart_sci.obj (.rodata.str1.178001865525784930881)
                  0048ab06    00000012                                                 : uart_sci_edma.obj (.rodata.str1.26883157310831064051)
                  0048ab18    00000012     control.xwrL64xx.m4f.ti-arm-clang.debug.lib : mmwave_link_common.obj (.rodata.str1.59845429288393569171)
                  0048ab2a    00000012     mmw_cli.o (.rodata.str1.6017358471649505567.1)
                  0048ab3c    00000012     board.xwrL64xx.m4f.ti-arm-clang.debug.lib : ina.obj (.rodata.str1.71257598390046581261)
                  0048ab4e    00000012     drivers.xwrL64xx.m4f.ti-arm-clang.debug.lib : qspi_edma.obj (.rodata.str1.74620174135756680921)
                  0048ab60    00000011     libc.a : _printfi.c.obj (.rodata.str1.10348868589481759720.1)
                  0048ab71    00000011     drivers.xwrL64xx.m4f.ti-arm-clang.debug.lib : uart_sci.obj (.rodata.str1.104924308178690690741)
                  0048ab82    00000011                                                 : edma.obj (.rodata.str1.106738448986847799941)
                  0048ab93    00000011     ti_drivers_open_close.o (.rodata.str1.12213835641041270557.1)
                  0048aba4    00000011     mmw_cli.o (.rodata.str1.1398104647782258962.1)
                  0048abb5    00000011     libc.a : _printfi.c.obj (.rodata.str1.15363888844622738466.1)
                  0048abc6    00000011     dpc.o (.rodata.str1.17633311385682422527.1)
                  0048abd7    00000011     drivers.xwrL64xx.m4f.ti-arm-clang.debug.lib : hwa.obj (.rodata.str1.22388292033590996601)
                  0048abe8    00000011     ti_drivers_open_close.o (.rodata.str1.3684755126512115530.1)
                  0048abf9    00000011     drivers.xwrL64xx.m4f.ti-arm-clang.debug.lib : uart_sci.obj (.rodata.str1.45363221463256978381)
                  0048ac0a    00000011     mmw_cli.o (.rodata.str1.5214471059659249156.1)
                  0048ac1b    00000011     ti_drivers_open_close.o (.rodata.str1.6292539624901818759.1)
                  0048ac2c    00000011     ADC_testbuf.o (.rodata.str1.7149859207770658105.1)
                  0048ac3d    00000011     factory_cal.o (.rodata.str1.7446416003222046922.1)
                  0048ac4e    00000011     freertos.xwrL64xx.m4f.ti-arm-clang.debug.lib : SemaphoreP_freertos.obj (.rodata.str1.7963420168829568641)
                  0048ac5f    00000011     ADC_testbuf.o (.rodata.str1.8035600056476218446.1)
                  0048ac70    00000011     dpc.o (.rodata.str1.8976848035316105242.1)
                  0048ac81    00000011     ADC_testbuf.o (.rodata.str1.9739066332641389801.1)
                  0048ac92    00000002     ADC_testbuf.o (.rodata.str1.17542430060393050690.1)
                  0048ac94    00000010     libc.a : k_rem_pio2.c.obj (.rodata.cst16)
                  0048aca4    00000010     drivers.xwrL64xx.m4f.ti-arm-clang.debug.lib : soc_rcm.obj (.rodata.gSocRcmClkSrcInfoMap)
                  0048acb4    00000010                                                 : soc_rcm.obj (.rodata.gSocRcmFixedClocksTbl)
                  0048acc4    00000010                                                 : soc_rcm.obj (.rodata.gSocRcmXTALFreqTbl)
                  0048acd4    00000010     dpc.o (.rodata.str1.10196441694826535892.1)
                  0048ace4    00000010     drivers.xwrL64xx.m4f.ti-arm-clang.debug.lib : i2c_v0.obj (.rodata.str1.132816148421181799781)
                  0048acf4    00000010     dpc.o (.rodata.str1.14655870923847977605.1)
                  0048ad04    00000010     interrupts.o (.rodata.str1.15065199690934131709.1)
                  0048ad14    00000010     mmw_cli.o (.rodata.str1.15935281869339718521.1)
                  0048ad24    00000010     mmw_cli.o (.rodata.str1.16683386692343806670.1)
                  0048ad34    00000010     mmw_cli.o (.rodata.str1.17275780322046588398.1)
                  0048ad44    00000010     drivers.xwrL64xx.m4f.ti-arm-clang.debug.lib : soc_rcm.obj (.rodata.str1.1771380296078173761)
                  0048ad54    00000010     ti_board_open_close.o (.rodata.str1.1844215614325442070.1)
                  0048ad64    00000010     board.xwrL64xx.m4f.ti-arm-clang.debug.lib : ina.obj (.rodata.str1.3420148381970827121)
                  0048ad74    00000010     ti_drivers_open_close.o (.rodata.str1.6437641722977580707.1)
                  0048ad84    00000010     control.xwrL64xx.m4f.ti-arm-clang.debug.lib : mmwave_fullcfg.obj (.rodata.str1.64409403738986779251)
                  0048ad94    00000010     drivers.xwrL64xx.m4f.ti-arm-clang.debug.lib : qspi_edma.obj (.rodata.str1.73117382213956597391)
                  0048ada4    00000010     ADC_testbuf.o (.rodata.str1.7405352197355012931.1)
                  0048adb4    00000010     freertos.xwrL64xx.m4f.ti-arm-clang.debug.lib : HeapP_freertos.obj (.rodata.str1.75213330996912761441)
                  0048adc4    00000010     control.xwrL64xx.m4f.ti-arm-clang.debug.lib : mmwave_link_xWRLx4xx.obj (.rodata.str1.83449704529813084731)
                  0048add4    00000010     mmw_cli.o (.rodata.str1.9001891691653520517.1)
                  0048ade4    00000010     mmw_cli.o (.rodata.str1.9753573752293572492.1)
                  0048adf4    00000010     mmw_cli.o (.rodata.str1.9964614183922576987.1)
                  0048ae04    0000000f     drivers.xwrL64xx.m4f.ti-arm-clang.debug.lib : uart_sci_edma.obj (.rodata.str1.111748486407635674111)
                  0048ae13    0000000f     mmw_cli.o (.rodata.str1.11755886210633070170.1)
                  0048ae22    0000000f     board.xwrL64xx.m4f.ti-arm-clang.debug.lib : ina.obj (.rodata.str1.125865344478755811721)
                  0048ae31    0000000f     drivers.xwrL64xx.m4f.ti-arm-clang.debug.lib : qspi.obj (.rodata.str1.144057298332754841671)
                  0048ae40    0000000f                                                 : edma.obj (.rodata.str1.146140478628064919631)
                  0048ae4f    0000000f                                                 : edma.obj (.rodata.str1.161917553004410528641)
                  0048ae5e    0000000f     mmw_cli.o (.rodata.str1.3411020453117800544.1)
                  0048ae6d    0000000f     mmw_cli.o (.rodata.str1.4328526875243501973.1)
                  0048ae7c    0000000f     drivers.xwrL64xx.m4f.ti-arm-clang.debug.lib : uart_sci.obj (.rodata.str1.58838004102269809421)
                  0048ae8b    0000000f     mmw_cli.o (.rodata.str1.6130777523486015108.1)
                  0048ae9a    0000000f     drivers.xwrL64xx.m4f.ti-arm-clang.debug.lib : edma.obj (.rodata.str1.7213619448781788421)
                  0048aea9    0000000f                                                 : i2c_v0.obj (.rodata.str1.77079860967995468881)
                  0048aeb8    0000000f     datapath_tracker3d.xwrL64xx.m4f.ti-arm-clang.debug.lib : dpedma.obj (.rodata.str1.82102617613111510841)
                  0048aec7    0000000f     mmw_cli.o (.rodata.str1.8340959215295432722.1)
                  0048aed6    0000000e     drivers.xwrL64xx.m4f.ti-arm-clang.debug.lib : uart_sci.obj (.rodata.str1.103833506493370671461)
                  0048aee4    0000000e     mmw_cli.o (.rodata.str1.11109456931115338124.1)
                  0048aef2    0000000e     datapath_tracker3d.xwrL64xx.m4f.ti-arm-clang.debug.lib : rangeprochwa.obj (.rodata.str1.112509527030118102341)
                  0048af00    0000000e                                                            : udopproc.obj (.rodata.str1.112866522022892275521)
                  0048af0e    0000000e     mmw_cli.o (.rodata.str1.12796114986793416839.1)
                  0048af1c    0000000e     mmw_cli.o (.rodata.str1.13552577311439116207.1)
                  0048af2a    0000000e     mmw_cli.o (.rodata.str1.13747688181764613621.1)
                  0048af38    0000000e     datapath_tracker3d.xwrL64xx.m4f.ti-arm-clang.debug.lib : cfarprochwa.obj (.rodata.str1.13973380901310930281)
                  0048af46    0000000e     main.o (.rodata.str1.15159059442110792349.1)
                  0048af54    0000000e     mmw_cli.o (.rodata.str1.1538309728395424867.1)
                  0048af62    0000000e     mmw_cli.o (.rodata.str1.16192518200128497629.1)
                  0048af70    0000000e     datapath_tracker3d.xwrL64xx.m4f.ti-arm-clang.debug.lib : doaproc.obj (.rodata.str1.176076554303796858141)
                  0048af7e    0000000e                                                            : dpedma.obj (.rodata.str1.179851887842445572711)
                  0048af8c    0000000e     ADC_testbuf.o (.rodata.str1.3506233308238250025.1)
                  0048af9a    0000000e     mmw_cli.o (.rodata.str1.5023904252988238287.1)
                  0048afa8    0000000e     motion_detect.o (.rodata.str1.7185970167066238516.1)
                  0048afb6    0000000e     drivers.xwrL64xx.m4f.ti-arm-clang.debug.lib : edma.obj (.rodata.str1.71946734960229262581)
                  0048afc4    0000000e     monitors.o (.rodata.str1.7965992486435484584.1)
                  0048afd2    0000000d     freertos.xwrL64xx.m4f.ti-arm-clang.debug.lib : HeapP_internal.obj (.rodata.str1.11555398284746136581)
                  0048afdf    0000000d     mmw_cli.o (.rodata.str1.14197419288528093568.1)
                  0048afec    0000000d     mmw_cli.o (.rodata.str1.15731017225161128360.1)
                  0048aff9    0000000d     drivers.xwrL64xx.m4f.ti-arm-clang.debug.lib : edma.obj (.rodata.str1.20711589974906254701)
                  0048b006    0000000d                                                 : hwa.obj (.rodata.str1.46714508809765421371)
                  0048b013    0000000d     freertos.xwrL64xx.m4f.ti-arm-clang.debug.lib : TimerP_rti.obj (.rodata.str1.51211297992652554341)
                  0048b020    0000000d     mmw_cli.o (.rodata.str1.8809729416836061800.1)
                  0048b02d    0000000d     freertos.xwrL64xx.m4f.ti-arm-clang.debug.lib : TimerP_rti.obj (.rodata.str1.95421818570448429971)
                  0048b03a    0000000c     alg_gtrack3d.xwrL64xx.m4f.ti-arm-clang.debug.lib : gtrack_create.obj (.rodata.defaultStateParams)
                  0048b046    0000000c     drivers.xwrL64xx.m4f.ti-arm-clang.debug.lib : soc_rcm.obj (.rodata.gSocRcmMcanClkSrcValMap)
                  0048b052    0000000c                                                 : soc_rcm.obj (.rodata.gSocRcmQspiClkSrcValMap)
                  0048b05e    0000000c                                                 : soc_rcm.obj (.rodata.gSocRcmSpiClkSrcValMap)
                  0048b06a    0000000c     freertos.xwrL64xx.m4f.ti-arm-clang.debug.lib : ClockP_freertos_m4.obj (.rodata.str1.12099769221571131241)
                  0048b076    0000000c     mmw_cli.o (.rodata.str1.16120823624299128009.1)
                  0048b082    0000000c     mmw_cli.o (.rodata.str1.1970562341783256209.1)
                  0048b08e    0000000c     drivers.xwrL64xx.m4f.ti-arm-clang.debug.lib : edma.obj (.rodata.str1.23715209751856245321)
                  0048b09a    0000000c     control.xwrL64xx.m4f.ti-arm-clang.debug.lib : mmwave.obj (.rodata.str1.24089153903669908271)
                  0048b0a6    0000000c     mmw_cli.o (.rodata.str1.2714431242487509969.1)
                  0048b0b2    0000000c     board.xwrL64xx.m4f.ti-arm-clang.debug.lib : ina.obj (.rodata.str1.35472756302205304921)
                  0048b0be    0000000c     dpc.o (.rodata.str1.4625480382702689049.1)
                  0048b0ca    0000000c     freertos.xwrL64xx.m4f.ti-arm-clang.debug.lib : SemaphoreP_freertos.obj (.rodata.str1.58303800943864521271)
                  0048b0d6    0000000c     mmw_cli.o (.rodata.str1.649100577985748156.1)
                  0048b0e2    0000000c     drivers.xwrL64xx.m4f.ti-arm-clang.debug.lib : qspi.obj (.rodata.str1.76608676823413182551)
                  0048b0ee    0000000c     mmw_cli.o (.rodata.str1.8257166155834313973.1)
                  0048b0fa    0000000c     mmw_cli.o (.rodata.str1.8969814797648251533.1)
                  0048b106    0000000b     mmw_cli.o (.rodata.ValidDigSampRates)
                  0048b111    0000000b     mmw_cli.o (.rodata.str1.10466073177960645780.1)
                  0048b11c    0000000b     mmw_cli.o (.rodata.str1.11511595920359046157.1)
                  0048b127    0000000b     ti_board_open_close.o (.rodata.str1.12245025114167949655.1)
                  0048b132    0000000b     mmw_cli.o (.rodata.str1.12335627093486693195.1)
                  0048b13d    0000000b     mmw_cli.o (.rodata.str1.12879839248896072244.1)
                  0048b148    0000000b     drivers.xwrL64xx.m4f.ti-arm-clang.debug.lib : uart_sci.obj (.rodata.str1.132042644373295978941)
                  0048b153    0000000b     mmw_cli.o (.rodata.str1.14044910103490772920.1)
                  0048b15e    0000000b     mmw_cli.o (.rodata.str1.15033890084819418508.1)
                  0048b169    0000000b     drivers.xwrL64xx.m4f.ti-arm-clang.debug.lib : uart_sci.obj (.rodata.str1.174583129905367634191)
                  0048b174    0000000b     mmw_cli.o (.rodata.str1.509737052020369390.1)
                  0048b17f    0000000b     mmw_cli.o (.rodata.str1.5193673934045063953.1)
                  0048b18a    0000000b     mmw_cli.o (.rodata.str1.5250963442097365509.1)
                  0048b195    0000000b     dpc.o (.rodata.str1.7084816895931897526.1)
                  0048b1a0    0000000b     drivers.xwrL64xx.m4f.ti-arm-clang.debug.lib : edma.obj (.rodata.str1.76990244014968518721)
                  0048b1ab    0000000b     mmw_cli.o (.rodata.str1.8921170506444566453.1)
                  0048b1b6    0000000a     drivers.xwrL64xx.m4f.ti-arm-clang.debug.lib : soc_rcm.obj (.rodata.gSocRcmRtiClkSrcValMap)
                  0048b1c0    0000000a                                                 : soc_rcm.obj (.rodata.gSocRcmWdtClkSrcValMap)
                  0048b1ca    0000000a                                                 : uart_sci.obj (.rodata.str1.103248998792830521871)
                  0048b1d4    0000000a                                                 : uart_sci.obj (.rodata.str1.124552654841916713531)
                  0048b1de    0000000a                                                 : edma.obj (.rodata.str1.138945604539585827651)
                  0048b1e8    0000000a                                                 : edma.obj (.rodata.str1.155011958078798190681)
                  0048b1f2    0000000a                                                 : uart_sci.obj (.rodata.str1.170731718426455550511)
                  0048b1fc    0000000a                                                 : i2c_v0.obj (.rodata.str1.27767329261682631241)
                  0048b206    0000000a     freertos.xwrL64xx.m4f.ti-arm-clang.debug.lib : HeapP_internal.obj (.rodata.str1.39892510742615127881)
                  0048b210    0000000a     drivers.xwrL64xx.m4f.ti-arm-clang.debug.lib : qspi.obj (.rodata.str1.42250777056531364411)
                  0048b21a    0000000a     board.xwrL64xx.m4f.ti-arm-clang.debug.lib : ina.obj (.rodata.str1.51941284654937520181)
                  0048b224    0000000a     mmw_cli.o (.rodata.str1.525406252258851873.1)
                  0048b22e    0000000a     mmw_cli.o (.rodata.str1.6421402312635754227.1)
                  0048b238    0000000a     mmw_cli.o (.rodata.str1.7341701338137024440.1)
                  0048b242    0000000a     drivers.xwrL64xx.m4f.ti-arm-clang.debug.lib : qspi.obj (.rodata.str1.74616868707024351891)
                  0048b24c    00000009     mmw_cli.o (.rodata.str1.10127041273405524083.1)
                  0048b255    00000009     mmw_cli.o (.rodata.str1.11041572072923351250.1)
                  0048b25e    00000009     drivers.xwrL64xx.m4f.ti-arm-clang.debug.lib : i2c_v0.obj (.rodata.str1.113334023112999446211)
                  0048b267    00000009     dpc.o (.rodata.str1.11481869359974205649.1)
                  0048b270    00000009     mmw_cli.o (.rodata.str1.12016002718303656281.1)
                  0048b279    00000009     libc.a : _scanfi.c.obj (.rodata.str1.12964984209033246150.1)
                  0048b282    00000009     mmw_cli.o (.rodata.str1.17650363767319804002.1)
                  0048b28b    00000009     mmw_cli.o (.rodata.str1.2593902889314583057.1)
                  0048b294    00000009     dpc.o (.rodata.str1.9429274801805619765.1)
                  0048b29d    00000009     mmw_cli.o (.rodata.str1.9922388712484032769.1)
                  0048b2a6    00000008     drivers.xwrL64xx.m4f.ti-arm-clang.debug.lib : soc_rcm.obj (.rodata.gSocRcmPeripheralClkSrcInfoMap)
                  0048b2ae    00000008     mmw_cli.o (.rodata.str1.12744131687828477554.1)
                  0048b2b6    00000008     mmw_cli.o (.rodata.str1.12918760306543037125.1)
                  0048b2be    00000008     mmw_cli.o (.rodata.str1.13106870254225696511.1)
                  0048b2c6    00000008     dpc.o (.rodata.str1.13674607716213282060.1)
                  0048b2ce    00000008     dpc.o (.rodata.str1.15778076774410871220.1)
                  0048b2d6    00000008     motion_detect.o (.rodata.str1.4222056467053119732.1)
                  0048b2de    00000008     freertos.xwrL64xx.m4f.ti-arm-clang.debug.lib : timers.obj (.rodata.str1.48907828374953663071)
                  0048b2e6    00000007     libc.a : _scanfi.c.obj (.rodata._sproc_int.flit)
                  0048b2ed    00000007     mmw_cli.o (.rodata.str1.7848679494811947941.1)
                  0048b2f4    00000006     libc.a : _scanfi.c.obj (.rodata._sproc_int.barr)
                  0048b2fa    00000006     dpc.o (.rodata.str1.4403366295250240299.1)
                  0048b300    00000006     motion_detect.o (.rodata.str1.6634947995266625758.1)
                  0048b306    00000006     drivers.xwrL64xx.m4f.ti-arm-clang.debug.lib : edma.obj (.rodata.str1.88401663264709294401)
                  0048b30c    00000005     dpc.o (.rodata.str1.12320577062132712419.1)
                  0048b311    00000005     mmw_cli.o (.rodata.str1.15775663672599192279.1)
                  0048b316    00000005     freertos.xwrL64xx.m4f.ti-arm-clang.debug.lib : timers.obj (.rodata.str1.171292879472474763341)
                  0048b31b    00000005     mmw_cli.o (.rodata.str1.233040909264270109.1)
                  0048b320    00000005     freertos.xwrL64xx.m4f.ti-arm-clang.debug.lib : printf.obj (.rodata.str1.23819535256173504321)
                  0048b325    00000005     dpc.o (.rodata.str1.2646900742214009965.1)
                  0048b32a    00000005     dpc.o (.rodata.str1.76964439810301580.1)
                  0048b32f    00000005     freertos.xwrL64xx.m4f.ti-arm-clang.debug.lib : tasks.obj (.rodata.str1.82129946285546181581)
                  0048b334    00000004                                                  : printf.obj (.rodata.str1.127360175834607756121)
                  0048b338    00000004                                                  : printf.obj (.rodata.str1.129146086478572783701)
                  0048b33c    00000004     libc.a : _scanfi.c.obj (.rodata.str1.3403580589742030990.1)
                  0048b340    00000004     freertos.xwrL64xx.m4f.ti-arm-clang.debug.lib : tasks.obj (.rodata.uxTopUsedPriority)
                  0048b344    00000003     mmw_cli.o (.rodata.str1.14404371532397910800.1)
                  0048b347    00000003     ADC_testbuf.o (.rodata.str1.16110441501169164217.1)
                  0048b34a    00000003     dpc.o (.rodata.str1.2955739227025550953.1)
                  0048b34d    00000003     drivers.xwrL64xx.m4f.ti-arm-clang.debug.lib : hwa.obj (.rodata.str1.78384956701662013721)
                  0048b350    00000002     mmw_cli.o (.rodata.str1.2007747934139858110.1)
                  0048b352    00000002     control.xwrL64xx.m4f.ti-arm-clang.debug.lib : mmwave.obj (.rodata.str1.4584839215036068511)
                  0048b354    00000002     power_management.o (.rodata.str1.5202200565579079154.1)
                  0048b356    00000002     motion_detect.o (.rodata.str1.619548996117108473.1)
                  0048b358    00000002     dpc.o (.rodata.str1.8690753998430396717.1)

.l3        0    60000000    00068000     UNINITIALIZED
                  60000000    00068000     motion_detect.o (.l3)

__llvm_prf_cnts 
*          0    00400200    00000000     UNINITIALIZED

__llvm_prf_bits 
*          0    00400200    00000000     UNINITIALIZED

.text.1    0    0042cc00    0002b3fc     
                  0042cc00    00001208     motion_detect.o (.text.mmwDemo_TransmitProcessedOutputTask)
                  0042de08    00001158     datapath_tracker3d.xwrL64xx.m4f.ti-arm-clang.debug.lib : cfarprochwa.obj (.text.CFAR_DET_HWA_cfarRangeDoppler_ProcList)
                  0042ef60    00000d88     alg_gtrack3d.xwrL64xx.m4f.ti-arm-clang.debug.lib : gtrack_unit_update.obj (.text.gtrack_unitUpdate)
                  0042fce8    00000ca8                                                      : gtrack_create.obj (.text.gtrack_create)
                  00430990    00000c04     libc.a : _scanfi.c.obj (.text.__TI_scanfi)
                  00431594    00000bea     datapath_tracker3d.xwrL64xx.m4f.ti-arm-clang.debug.lib : doaproc.obj (.text.doaProc_configHwa)
                  0043217e    00000002     ti_board_config.o (.text.Board_init)
                  00432180    00000b40     mmw_cli.o (.text.CLI_task)
                  00432cc0    00000a80     libc.a : e_pow.c.obj (.text.pow)
                  00433740    00000a30     freertos.xwrL64xx.m4f.ti-arm-clang.debug.lib : printf.obj (.text._vsnprintf)
                  00434170    000009e2     mmw_cli.o (.text.CLI_init)
                  00434b52    00000006     libc.a : atof.c.obj (.text.atof)
                  00434b58    000009d4            : _printfi.c.obj (.text:__TI_printfi)
                  0043552c    000009aa     datapath_tracker3d.xwrL64xx.m4f.ti-arm-clang.debug.lib : udopproc.obj (.text.uDopProc_configHwa)
                  00435ed6    00000002     drivers.xwrL64xx.m4f.ti-arm-clang.debug.lib : hwa.obj (.text.HWA_init)
                  00435ed8    00000958     dpc.o (.text.DPC_Execute)
                  00436830    00000928     dpc.o (.text.CfarProc_configParser)
                  00437158    000008d6     drivers.xwrL64xx.m4f.ti-arm-clang.debug.lib : hwa.obj (.text.HWA_configCommon)
                  00437a2e    00000002     freertos.xwrL64xx.m4f.ti-arm-clang.debug.lib : power_xwrLx4xx_freertos.obj (.text.Power_initPolicy)
                  00437a30    000008c8     datapath_tracker3d.xwrL64xx.m4f.ti-arm-clang.debug.lib : cfarprochwa.obj (.text.CFAR_DET_HWA_cfarRange_ProcList)
                  004382f8    00000864     ADC_testbuf.o (.text.mmwDemo_adcFileReadTask)
                  00438b5c    0000079a     alg_gtrack3d.xwrL64xx.m4f.ti-arm-clang.debug.lib : gtrack_utilities_3d.obj (.text.gtrack_matrixInv)
                  004392f6    00000792     dpc.o (.text.DoaProc_configParser)
                  00439a88    00000770     dpc.o (.text.uDopProc_configParser)
                  0043a1f8    0000074e     alg_gtrack3d.xwrL64xx.m4f.ti-arm-clang.debug.lib : gtrack_module.obj (.text.gtrack_moduleAllocate)
                  0043a946    00000002     libclang_rt.builtins.a : aeabi_div0.c.obj (.text.__aeabi_ldiv0)
                  0043a948    00000724     libc.a : k_rem_pio2.c.obj (.text.__kernel_rem_pio2)
                  0043b06c    00000004     libsysbm.a : hostexit.c.obj (.text.HOSTexit)
                  0043b070    000006f8     datapath_tracker3d.xwrL64xx.m4f.ti-arm-clang.debug.lib : mpdproc.obj (.text.assignPointsToZones)
                  0043b768    000006e8                                                            : udopproc.obj (.text.uDopProc_ConfigTriggerHwa)
                  0043be50    000006ac     drivers.xwrL64xx.m4f.ti-arm-clang.debug.lib : hwa.obj (.text.HWA_configParamSet)
                  0043c4fc    00000004     control.xwrL64xx.m4f.ti-arm-clang.debug.lib : mmwave_link_xWRLx4xx.obj (.text.MMWave_TimeStamp)
                  0043c500    00000668     alg_gtrack3d.xwrL64xx.m4f.ti-arm-clang.debug.lib : gtrack_unit_score.obj (.text.gtrack_unitScore)
                  0043cb68    00000640     freertos.xwrL64xx.m4f.ti-arm-clang.debug.lib : printf.obj (.text._etoa)
                  0043d1a8    000005ae     datapath_tracker3d.xwrL64xx.m4f.ti-arm-clang.debug.lib : rangeprochwa.obj (.text.rangeProcHWA_ConfigHWA)
                  0043d756    00000002     libc.a : _lock.c.obj (.text._nop)
                  0043d758    00000594            : e_powf.c.obj (.text.powf)
                  0043dcec    00000004     drivers.xwrL64xx.m4f.ti-arm-clang.debug.lib : prcm.obj (.text.PRCM_asmWfi)
                  0043dcf0    00000580     freertos.xwrL64xx.m4f.ti-arm-clang.debug.lib : printf.obj (.text._ftoa)
                  0043e270    00000568     control.xwrL64xx.m4f.ti-arm-clang.debug.lib : mmwave_link_common.obj (.text.MMWave_configureProfileChirp)
                  0043e7d8    00000556     datapath_tracker3d.xwrL64xx.m4f.ti-arm-clang.debug.lib : doaproc.obj (.text.doaProc_configEdma)
                  0043ed2e    00000002     power_management.o (.text.power_LPDSentryhook)
                  0043ed30    00000528     libc.a : s_cos.c.obj (.text.cos)
                  0043f258    00000528            : s_sin.c.obj (.text.sin)
[...]
00470ca9  sscanf                                                      
00470cd9  vPortEnterCritical                                          
00470d09  DPC_ObjDet_HwaDmaTrigSrcChanPoolAlloc                       
00470d37  DPEDMA_local2Global                                         
00470d65  Power_getDependencyCount                                    
00470d93  QSPI_EdmaParams_init                                        
00470dc1  QSPI_readCmdParams_init                                     
00470def  QSPI_writeCmdParams_init                                    
00470e1d  TimerP_Params_init                                          
00470e4b  UART_deinit                                                 
00470e79  __aeabi_i2d                                                 
00470e79  __floatsidf                                                 
00470ed5  gtrack_free                                                 
00470f03  gtrack_unitGetC                                             
00470f31  gtrack_unitGetSpread                                        
00470f8d  vListInitialise                                             
00470fbb  DebugP_logZoneEnable                                        
0047103f  MMWave_osalMutexLock                                        
0047106b  MMWave_osalSemWait                                          
00471097  PRCMLPDSIntervalSet                                         
004710c3  PRCMLPDSWakeUpSPISelect                                     
004710ef  PRCMLPDSWakeUpUartRxSelect                                  
0047111b  QSPI_setAddressByteCount                                    
00471147  QSPI_setDummyBitCount                                       
00471173  QSPI_setRxLines                                             
0047119f  QSPI_transaction_init                                       
004711cb  SOC_memoryInit                                              
004711f7  SysTickTimerP_Params_init                                   
00471225  __aeabi_ul2d                                                
00471225  __floatundidf                                               
00471251  fclose                                                      
0047127d  finddevice                                                  
004712a9  lseek                                                       
004712d5  mathUtils_ceilLog2                                          
0047132d  pvTaskIncrementMutexHeldCount                               
00471359  read                                                        
00471385  rl_mmWaveLinkDeInit                                         
004713b1  unlink                                                      
004713dd  vApplicationGetIdleTaskMemory                               
00471409  vApplicationGetTimerTaskMemory                              
00471435  write                                                       
00471461  PRCMLPDSWakeupSourceDisable                                 
0047148b  PRCMLPDSWakeupSourceEnable                                  
004714b5  QSPI_setMemAddrSpace                                        
004714df  SOC_getEfusePgVersion                                       
004715b1  PRCMIsRdrStateIdle                                          
004715d9  Power_disablePolicy                                         
00471601  SOC_isDeviceAOP                                             
00471679  strncpy                                                     
004716a1  vQueueDelete                                                
004716c9  vprintf_                                                    
004716f1  EDMADisableQdmaEvtRegion                                    
00471717  EDMAEnableQdmaEvtRegion                                     
0047173d  EDMAGetIntrStatusRegion                                     
00471763  EDMAIntrStatusHighGetRegion                                 
004717d5  Power_idleWicIsr                                            
004717fb  _MmwDemo_debugAssert                                        
00471821  mmw_UartWrite                                               
004718df  vHeapCreateStatic                                           
00471905  vPortExitCritical                                           
0047192b  vTaskPlaceOnEventList                                       
00471951  HwiP_inISR                                                  
00471999  I2C_Transaction_init                                        
00471a05  TimerP_isr0                                                 
00471a29  _DebugP_assertNoLog                                         
00471a71  _system_pre_init                                            
00471a95  featExtract_memUsage                                        
00471ab9  gtrack_unitGetMCenter                                       
00471ae1  vPortSVCHandler                                             
00471b05  vTaskInternalSetTimeOutState                                
00471b29  EDMAChannelToParamMap                                       
00471b6d  mathUtils_pow2roundup                                       
00471b8f  memccpy                                                     
00471bb1  memcmp                                                      
00471bd3  mmwreinitTask                                               
00471bf5  stack_init                                                  
00471c17  uDopProc_getPrevFrmNum                                      
00471c39  ClockP_usecToTicks                                          
00471c59  Dpl_init                                                    
00471c99  HeapP_alloc                                                 
00471cd9  __aeabi_ui2d                                                
00471cd9  __floatunsidf                                               
00471cf9  featExtract_heapConstruct                                   
00471d19  vPortFree                                                   
00471d57  MMWaveMon_RxSatLiveCfg                                      
00471d75  classifier_free                                             
00471d93  featExtract_free                                            
00471db1  mmwDemo_INAMeasNull                                         
00471dcf  mmwDemo_dpcTask                                             
00471e29  Board_driversOpen                                           
00471e45  HeapP_free                                                  
00471e61  HeapP_getHeapStats                                          
00471e99  SOC_moduleClockEnable                                       
00471eb5  classifier_malloc                                           
00471ed1  featExtract_malloc                                          
00471f09  strrchr                                                     
00471f3f  I2C_Params_init                                             
00471f59  SOC_clocksEnable                                            
00471f73  SOC_moduleSetClockFrequency                                 
00471f8d  SysTickTimerP_start                                         
00471fa7  SysTickTimerP_stop                                          
0047200d  Drivers_open                                                
00472025  EDMAClrCCErr                                                
0047203d  EDMA_isInterruptEnabled                                     
004720b5  Mmwave_populateDefaultCalibrationCfg                        
004720cd  Power_setLowPowModeTaken                                    
00472115  TaskP_yield                                                 
004721a5  freertos_main                                               
004721bd  tvmgen_default_run                                          
004721d5  vTaskStepTick                                               
004721ed  EDMA_allocDmaChannel                                        
00472203  EDMA_allocParam                                             
00472219  EDMA_allocTcc                                               
0047222f  EDMA_freeDmaChannel                                         
00472245  EDMA_freeParam                                              
0047225b  EDMA_freeTcc                                                
004722f5  MMWave_osalMutexDelete                                      
0047230b  MMWave_osalSemDelete                                        
00472337  SemaphoreP_destruct                                         
0047234d  TimerP_start                                                
00472363  TimerP_stop                                                 
00472379  gtrack_listInit                                             
0047238f  CPUcpsid                                                    
004723a3  CPUcpsie                                                    
004723b7  DPC_ObjDet_MemPoolReset                                     
004723cb  Drivers_close                                               
0047247f  PRCMMCUInit                                                 
004724a7  SOC_rcmReadSynthTrimValid                                   
004724bb  TimerP_clearOverflowInt                                     
004724f9  __aeabi_uldivmod                                            
00472521  gtrack_unitDelete                                           
00472549  putchar_                                                    
00472571  xTaskGetCurrentTaskHandle                                   
00472585  xTaskGetTickCount                                           
00472599  Cycleprofiler_getTimeStamp                                  
004725ab  GPIO_moduleEnable                                           
004725e1  MMWave_osalMutexUnlock                                      
004725f3  MMWave_osalSemSignal                                        
00472617  Pinmux_init                                                 
00472629  SysTickTimerP_getCount                                      
0047263b  SysTickTimerP_getReloadCount                                
0047264d  mathUtils_floorLog2                                         
00472671  TI_memcpy_small                                             
00472713  DPC_ObjDet_MemPoolGetMaxUsage                               
00472723  Drivers_gpioOpen                                            
004728a3  Power_enablePolicy                                          
00472943  lroundf                                                     
00472953  vTaskSuspendAll                                             
00472963  wcslen                                                      
00472973  ClockP_getTimerCount                                        
00472981  DPC_ObjDet_HwaDmaTrigSrcChanPoolReset                       
0047298f  MMWave_decodeErrorLevel                                     
004729d5  strcpy                                                      
004729ff  strlen                                                      
00472a1b  vListInitialiseItem                                         
00472a29  vTaskMissedYield                                            
00472a37  TI_memset_small                                             
00472a99  CacheP_inv                                                  
00472aa5  CacheP_wb                                                   
00472ad5  MMWave_listGetHead                                          
00472ae1  MMWave_listGetNext                                          
00472bdd  PowerClock_init                                             
00472be9  Power_getConstraintMask                                     
00472bf5  Power_getLowPowModeTaken                                    
00472c01  gtrack_listGetFirst                                         
00472c0d  gtrack_listGetNext                                          
00472c19  putchar                                                     
00472c4d  PRCMPeripheralStatusGet                                     
00472c59  __aeabi_memset                                              
00472c59  __aeabi_memset4                                             
00472c59  __aeabi_memset8                                             
00472c6d  Board_driversClose                                          
00472c75  ClockP_getTicks                                             
00472c7d  ClockP_timerClearOverflowInt                                
00472d4d  __aeabi_errno_addr                                          
00472d55  __aeabi_memclr                                              
00472d55  __aeabi_memclr4                                             
00472d55  __aeabi_memclr8                                             
00472d65  __mpu_init                                                  
00472d6d  gtrack_unitStop                                             
00472d75  malloc                                                      
00474580  gMmwMssMCB                                                  
004758b0  _ftable                                                     
004759a0  appPresenceParamTable                                       
00475a90  input                                                       
00475b6c  Power_module                                                
00475c34  parkInfo                                                    
00475f14  _device                                                     
00475f8c  gFlashDevCfg_MX25V1635F                                     
00476128  appAllocationParamTable                                     
004761e8  _stream                                                     
00476238  appGatingParamTable                                         
00476308  gMpuRegionConfig                                            
004763f8  gUartParams                                                 
00476430  appMaxAccelerationParams                                    
00476460  appStateParamTable                                          
00476490  gFlashAttrs_MX25V1635F                                      
004764c0  gHwaAttrs                                                   
004764f0  gSocModulesClockFrequency                                   
00476520  gFactoryCalibDataStorage                                    
00476548  gHwaEDMAChanMapping                                         
00476568  gSocModules                                                 
00476588  gFlashNorQspiFxns                                           
004765a4  gCLIMMWaveExtensionTable                                    
004765d4  gClockConfig                                                
004765e8  gDefaultAntGeometry                                         
004765fc  appInitialRadialVelocity                                    
0047660c  gEdmaConfig                                                 
0047661c  gFlashConfig                                                
0047662c  gFlashToSpiProtocolMap                                      
0047663c  gAddrTranslateConfig                                        
00476648  gI2cParams                                                  
00476654  gMpuConfig                                                  
00476660  __TI_cleanup_ptr                                            
00476664  __TI_dtors_ptr                                              
00476668  demoStartTime                                               
00476678  gEdmaParams                                                 
00476680  gFlashParams                                                
00476688  gI2cConfig                                                  
00476690  gQspiConfig                                                 
004766a0  gUartConfig                                                 
004766af  demoLowPwrStateTaken                                        
004766b0  EdmaCallbackcnt                                             
004766b4  FreeRTOS_errno                                              
004766b8  MMWave_ISRHandle                                            
004766bc  __TI_ft_end                                                 
004766c0  __aeabi_errno                                               
004766c4  _lock                                                       
004766c8  _unlock                                                     
004766cc  gCfarHwaObj                                                 
004766d4  gDebugLogZone                                               
004766d8  gDebugTargetCode                                            
004766dc  gEdmaConfigNum                                              
004766e0  gFlashConfigNum                                             
004766e4  gGtrackMemoryUsed                                           
004766e8  gHwaConfigNum                                               
004766ec  gHwaObjectPtr                                               
004766f0  gI2cConfigNum                                               
004766f4  gNearestCluster                                             
004766f8  gPreStoredAdcTestBuffInd                                    
004766fc  gPreStoredAdcTestBuffRdInd                                  
00476700  gQspiConfigNum                                              
00476704  gQspiParams                                                 
00476708  gSocClk                                                     
0047670c  gTestMinMpdCentroid                                         
00476710  gTestRangeLED                                               
00476714  gUartConfigNum                                              
00476718  hwadoneisr                                                  
00476720  inputs                                                      
00476728  output                                                      
0047672c  outputs                                                     
00476730  pinParkCfg                                                  
00476740  pxCurrentTCB                                                
00476744  sensPerChirpLuTable                                         
00476748  sensorStop                                                  
0047678c  gIsDefCfgUsed                                               
0047678d  idleExited                                                  
0047678f  isSensorStarted                                             
004869d0  __aeabi_ctype_table_                                        
004869d0  __aeabi_ctype_table_C                                       
004872c8  defaultSceneryParams                                        
00487734  Power_config                                                
00488464  defaultPresenceParams                                       
00489930  I2C_defaultTransaction                                      
00489954  pInit                                                       
0048a43c  defaultAllocationParams                                     
0048a860  defaultGatingParams                                         
0048b03a  defaultStateParams                                          
0048b106  ValidDigSampRates                                           
0048b340  uxTopUsedPriority                                           
60000000  gMmwL3                                                      
ffffffff  __TI_pprof_out_hndl                                         
ffffffff  __TI_prof_data_size                                         
ffffffff  __TI_prof_data_start                                        
ffffffff  __binit__                                                   
ffffffff  binit                                                       
UNDEFED   __TI_CINIT_Base                                             
UNDEFED   __TI_CINIT_Limit                                            
UNDEFED   __TI_Handler_Table_Base                                     
UNDEFED   __TI_Handler_Table_Limit                                    
UNDEFED   _system_post_cinit                                          

[1121 symbols]
